Daniel@MSI MINGW64 ~/Desktop/SolGet (master)
$ git init 
Initialized empty Git repository in C:/Users/daner/Desktop/SolGet/.git/

Daniel@MSI MINGW64 ~/Desktop/SolGet (master)
$ git branch -m main 

Daniel@MSI MINGW64 ~/Desktop/SolGet (main)
$ git config user.name daniel 

Daniel@MSI MINGW64 ~/Desktop/SolGet (main)
$ git config user.email dan.san.q.gt@gmail.com

Daniel@MSI MINGW64 ~/Desktop/SolGet (main)
$ git remote add origin https://github.com/DanSanQ/SolGet.git

Daniel@MSI MINGW64 ~/Desktop/SolGet (main)
$ git add .

Daniel@MSI MINGW64 ~/Desktop/SolGet (main)
$ git commit -m "primera version"
[main (root-commit) b179478] primera version
 1 file changed, 32 insertions(+)
 create mode 100644 SolicitudGet.html       

Daniel@MSI MINGW64 ~/Desktop/SolGet (main)
$ git pull --rebase origin main 
remote: Enumerating objects: 3, done.
remote: Counting objects: 100% (3/3), done.
remote: Total 3 (delta 0), reused 0 (delta 0), pack-reused 0 (from 0)
Unpacking objects: 100% (3/3), 853 bytes | 56.00 KiB/s, done.
From https://github.com/DanSanQ/SolGet       
 * branch            main       -> FETCH_HEAD
 * [new branch]      main       -> origin/main
Successfully rebased and updated refs/heads/main.

Daniel@MSI MINGW64 ~/Desktop/SolGet (main)
$ git push origin main 
Enumerating objects: 4, done.
Counting objects: 100% (4/4), done.
Delta compression using up to 12 threads
Compressing objects: 100% (3/3), done.
Writing objects: 100% (3/3), 851 bytes | 851.00 KiB/s, done. 
Total 3 (delta 0), reused 0 (delta 0), pack-reused 0 (from 0)
To https://github.com/DanSanQ/SolGet.git
   78b7fd0..40ad377  main -> main       

Daniel@MSI MINGW64 ~/Desktop/SolGet (main)
$ git status 
On branch main
Untracked files:
  (use "git add <file>..." to include in what will be committed)
        123.txt

nothing added to commit but untracked files present (use "git add" to track)

Daniel@MSI MINGW64 ~/Desktop/SolGet (main)
$ git add 123.txt 

Daniel@MSI MINGW64 ~/Desktop/SolGet (main)
$ git status
On branch main
Changes to be committed:
  (use "git restore --staged <file>..." to unstage)
        new file:   123.txt


Daniel@MSI MINGW64 ~/Desktop/SolGet (main)
$ git commit -m "segunda version"
[main 973b3c3] segunda version
 1 file changed, 0 insertions(+), 0 deletions(-)
 create mode 100644 123.txt

Daniel@MSI MINGW64 ~/Desktop/SolGet (main)
$ git push origin main 
Enumerating objects: 4, done.
Counting objects: 100% (4/4), done.
Delta compression using up to 12 threads
Compressing objects: 100% (2/2), done.
Writing objects: 100% (3/3), 315 bytes | 315.00 KiB/s, done.
Total 3 (delta 0), reused 0 (delta 0), pack-reused 0 (from 0)
To https://github.com/DanSanQ/SolGet.git
   40ad377..973b3c3  main -> main

Daniel@MSI MINGW64 ~/Desktop/SolGet (main)